[2J[01;01H[=3h[2J[01;01H[2J[01;01H[=3h[2J[01;01H[2J[01;01H[=3h[2J[01;01HBdsDxe: loading Boot0001 "UEFI QEMU NVMe Ctrl 1234 1" from PciRoot(0x0)/Pci(0x2,0x0)/Pci(0x0,0x0)/NVMe(0x1,00-00-00-00-00-00-00-00)
BdsDxe: starting Boot0001 "UEFI QEMU NVMe Ctrl 1234 1" from PciRoot(0x0)/Pci(0x2,0x0)/Pci(0x0,0x0)/NVMe(0x1,00-00-00-00-00-00-00-00)
[01;01H[01;01H